Hash size is not an integer.
Unable to parse bpkg file
Unable to load pkg and tree
