471a146169231f2ca8f81021e0963b3453a142b326ecc1d5c94a7258c1978c3d
