7bf13d6a3af9926b3e30d8474635a4d6db44fe77acd9c9586395ece9f3018755
e4cd1112359947df5aba836557774f67a828748b4a27ab9475c95ca63c255900
