3d64d616d414f98295c145d4fe7d72f97086e59a3b44161fbdfcb5719e69c720
acf421466d2f7cb22c22778b3b9662b0ceba7a3f72bf18c9ef766848c3b1a48c
606d945ddc3deac4cc0cd9dc74f9f81a1fe612b8d517c6f17458215c85b8edfd
5fa99cc76b3013495fd979036e3db15aa7c8a48e22e1960487aa5f51b16bed4f
