943586f509019a99d5e03b50525137d8a9f1514221abc4dba019db41f0824e95
4f2c3c22ca76f11e73f78fbf50f00e213936d219b21bd0ed698d7d9832e312a3
