Unable to parse bpkg file
Unable to load pkg and tree
