f1c7a53d44db9bb1bb229fec065303314f682b243d94e9a496ddc765f28210ab
5128b98387414567916863c65ace1b250013e5f95498cac5af78fa430dfb947f
a5a8daaf19e0f1a14f2eaff7c4c13001538f8725cff19e43be0596fc1dca9f72
e053eb85fe930057548361d0a1d7e758c2e0c5003739627e9d1dd9fe1145ab2d
