f8c895852437b5e4e11343d4c6f4059ca725c270170982068920621ad9801794
dd3337ab7e8e8bb431f7ef3859cbe822c88c84a6e8fa2d2d27cddbde948344ae
ca0e476fa66dfc0acf778d87bda1b3d4d42e0fe09625d51e3997edd0e46f4a78
