b93ffbd2decb7a46be42818fc2a37a3e6227b51716588fa4decdf2bdcb4ebfda
53fbac2a0812cfa9cb2b8b4af3dbc67ffa68a7bf9e968f0733377f8e7f0660dc
