Unable to connect to request peer
Not connected to any peers
