d0776891aae896ca05917035a958560027be4b57afc7f6bab7c7088967076d80
